[3 x 3 float]
  1.00   2.00   3.00 
  4.00   5.00   6.00 
  7.00   8.00   9.00 
[3 x 3 float]
  2.72   7.39   0.05 
 54.60   0.01 403.43 
1096.63 2980.96   0.00 
[3 x 3 float]
  0.00   0.69    nan 
  1.39    nan   1.79 
  1.95   2.08    nan 
[2 x 2 float]
  1.00   0.00 
  0.00   1.00 
[1 x 3 float]
  1.00  -5.00  -9.00 
[2 x 4 float]
  1.00   1.00   1.00   1.00 
  1.00   1.00   1.00   1.00 
 11.00   1.22  16.88  -9.00   8.00 -48.00 [3 x 3 float]
  1.00   2.00  -3.00 
  0.00  -5.00   6.00 
  0.00   0.00  -9.00 
[3 x 3 float]
  1.00   0.00   0.00 
  4.00  -5.00   0.00 
  7.00   8.00  -9.00 
[3 x 3 float]
 -3.00  -6.00  -3.00 
 78.00  12.00 -18.00 
 67.00   6.00 -13.00 
[3 x 3 float]
  0.06   0.12   0.06 
 -1.62  -0.25   0.38 
 -1.40  -0.12   0.27 
[3 x 3 float]
  1.00   0.00   0.00 
  0.00   1.00   0.00 
  0.00   0.00   1.00 
