[5 int]
101 104 107 110 113 
[5 int]
101 104 107 110 113 
[5 int]
99 100 101 102 103 
[5 int]
-99 -100 -101 -102 -103 
[5 int]
100 204 312 424 540 
[5 int]
100 204 312 424 540 
[5 int]
100 51 34 26 21 
[5 int]
0 0 0 0 0 
[5 int]
0 0 2 2 3 
[5 int]
-1 -2 -3 -4 -5 
[5 int]
1001 1002 1003 1004 1005 
[5 int]
2001 2002 2003 2004 2005 
[5 int]
2000 1000 666 500 400 
