[0 x 0 float]
[0 int]
"" 0   0.00 0 
[0 x 0 float]
[0 int]
"" 0   0.00 0 
