  2.30  -2.30   5.30 -13.20  38.00  -0.30  -0.30 -12.17 1 
0 
1 
0 
0 
1 
1 
 42.00 
