77  77.77 1  global 
[1 x 2 float]
777.77 777.77 
[2 int]
77 77 
88  88.88 1  local 
[1 x 2 float]
888.88 888.88 
[2 int]
88 88 
55  55.55 0  function 
[1 x 2 float]
555.55 555.55 
[2 int]
55 55 
44  44.44 0  changed 
[1 x 2 float]
444.44 444.44 
[2 int]
44 44 
