Matrices cannot have different row size.  Exiting...
