3   3.00 3 3 5.500000   5.50 7   7.70 
[1 x 4 float]
  1.00   2.00   3.00   4.00 
[4 int]
1 2 3 4 
