[2 x 4 float]
  1.10   2.10   3.10   4.10 
  5.20   6.20   7.20   8.20 
[0 x 0 float]
[4 x 4 float]
  1.10   2.10   3.10   4.10 
  5.20   6.20   7.20   8.20 
 11.10  12.10  13.10  14.10 
 15.20  16.20  17.20  18.20 
[4 x 4 float]
  1.10   5.20  11.10  15.20 
  2.10   6.20  12.10  16.20 
  3.10   7.20  13.10  17.20 
  4.10   8.20  14.10  18.20 
[2 x 4 float]
  1.10   2.10   3.10   4.10 
  5.20   6.20   7.20   8.20 
[2 x 4 float]
 11.10  12.10  13.10  14.10 
 15.20  16.20  17.20  18.20 
[2 x 4 float]
  1.10   2.10   3.10   4.10 
  5.20   6.20   7.20   8.20 
[2 x 4 float]
 11.10  12.10  13.10  14.10 
 15.20  16.20  17.20  18.20 
[1 x 1 float]
  7.20 
[1 x 2 float]
  6.20   8.20 
[2 x 4 float]
 11.10  12.10  13.10  14.10 
 15.20   4.10  17.20   2.10 
[2 x 4 float]
  1.10   2.10   3.10   4.10 
  5.20   6.20   7.20   8.20 
[2 x 4 float]
  1.10   2.10 -99.00  -9.90 
  5.20   6.20   7.20   8.20 
[1 x 2 float]
-99.90 -88.80 
[2 x 4 float]
  1.10   2.10   3.10   4.10 
  5.20   6.20 -99.90 -88.80 
[2 x 4 float]
  1.10   2.10 -99.90 -88.80 
  5.20   6.20   7.20   8.20 
[1 x 1 float]
-77.70 
[2 x 4 float]
  1.10   2.10   3.10   4.10 
-77.70   6.20 -99.90 -88.80 
[2 x 4 float]
  1.10 -77.70 -99.90 -88.80 
  5.20   6.20   7.20   8.20 
