illegal matrix dimensions for multiplication.  Exiting...
