matrix row-column index out of bounds.  Exiting...
