Matrices cannot have different col size.  Exiting...
