hello, world
 Enter the word "goodbye" without quotes:  goodbye hello, world
 1 0 500   1.00 
