[4 int]
1 2 3 4 
[0 int]
[10 int]
10 1 2 3 4 1 2 3 4 11 
[10 int]
101 102 103 104 105 110 109 108 107 106 
[1 int]
103 
[3 int]
103 110 109 
[10 int]
200 102 103 104 105 110 109 108 107 106 
[3 int]
2 5 6 
[3 int]
-99 5 6 
[1 int]
99 
[2 int]
88 888 
