-1  -2.30 0 hello, world 
[1 x 2 float]
  1.00   2.00 
[2 int]
0 0 
99 999.00 1 goodbye 
[1 x 3 float]
 99.90 999.99 9999.00 
[2 int]
0 0 
